Project ID: serious-ascent-471515-t8
Client Email: google-earth@serious-ascent-471515-t8.iam.gserviceaccount.com
Private Key Length: 1704
Private Key Start: -----BEGIN PRIVATE KEY-----
MI
Fixed Key Lines: 28
FAILURE: Caller does not have required permission to use project serious-ascent-471515-t8. Grant the caller the roles/serviceusage.serviceUsageConsumer role, or a custom role with the serviceusage.services.use permission, by visiting https://console.developers.google.com/iam-admin/iam/project?project=serious-ascent-471515-t8 and then retry. Propagation of the new permission may take a few minutes.
